{"balance":30,"network":"testnet","key":{"private":null,"public":"d634fe5a48b26f36f0fe816a06e35cca42ded635c99fcc1f20cf499fae6ecaab"},"name":"fred","chain":"0","notes":""}