{"network":"testnet","unfinishedCrossChainTransfer":{"amount":1.0e-8,"recipientAccount":"donatello","requestKey":"6e0UHfHOv8ieRmzgie7dTxJap1cVAaCvhx-rYFlxF7c","recipientChain":"0"},"key":{"private":null,"public":"d634fe5a48b26f36f0fe816a06e35cca42ded635c99fcc1f20cf499fae6ecaab"},"name":"fred","chain":"0","notes":""}