{"private":"cab3bfc78e071cdd739ce3f4b2f9f50694c1486dd3c07b748843d03b23866d37db4ac9d291fb8efd6a54c52417ccb1039adf1a9c8c10c42e7310dd5bd252101ed634fe5a48b26f36f0fe816a06e35cca42ded635c99fcc1f20cf499fae6ecaab789af77c0be4d7c292b161ba97af5a6cb545b0f10114ab1ab1a0656ae85224bd","public":"d634fe5a48b26f36f0fe816a06e35cca42ded635c99fcc1f20cf499fae6ecaab"}