{"amount":1.0e-8,"recipientAccount":"donatello","requestKey":"6e0UHfHOv8ieRmzgie7dTxJap1cVAaCvhx-rYFlxF7c","recipientChain":"0"}